
Onkar@LAPTOP-S74ICSUC MINGW64 /e/GitTBW
$ git branch
fatal: not a git repository (or any of the parent directories): .git

Onkar@LAPTOP-S74ICSUC MINGW64 /e/GitTBW
$ touch test.text

Onkar@LAPTOP-S74ICSUC MINGW64 /e/GitTBW
$ start test.text

Onkar@LAPTOP-S74ICSUC MINGW64 /e/GitTBW
$ ^C

Onkar@LAPTOP-S74ICSUC MINGW64 /e/GitTBW
$ git commit -m "first commit"
fatal: not a git repository (or any of the parent directories): .git

Onkar@LAPTOP-S74ICSUC MINGW64 /e/GitTBW
$ git add
fatal: not a git repository (or any of the parent directories): .git

Onkar@LAPTOP-S74ICSUC MINGW64 /e/GitTBW
$ git add test.text
fatal: not a git repository (or any of the parent directories): .git

Onkar@LAPTOP-S74ICSUC MINGW64 /e/GitTBW
$ git init
Initialized empty Git repository in E:/GitTBW/.git/

Onkar@LAPTOP-S74ICSUC MINGW64 /e/GitTBW (master)
$ git status
On branch master

No commits yet

Untracked files:
  (use "git add <file>..." to include in what will be committed)
        test.text

nothing added to commit but untracked files present (use "git add" to track)

Onkar@LAPTOP-S74ICSUC MINGW64 /e/GitTBW (master)
$ git add test.text

Onkar@LAPTOP-S74ICSUC MINGW64 /e/GitTBW (master)
$ git add.
git: 'add.' is not a git command. See 'git --help'.

The most similar command is
        add

Onkar@LAPTOP-S74ICSUC MINGW64 /e/GitTBW (master)
$ git branch

Onkar@LAPTOP-S74ICSUC MINGW64 /e/GitTBW (master)
$ git branch develop
fatal: not a valid object name: 'master'

Onkar@LAPTOP-S74ICSUC MINGW64 /e/GitTBW (master)
$ git remote add origin https://github.com/r3onkar/r3onkar.git

Onkar@LAPTOP-S74ICSUC MINGW64 /e/GitTBW (master)
$ git remote -v
origin  https://github.com/r3onkar/r3onkar.git (fetch)
origin  https://github.com/r3onkar/r3onkar.git (push)

Onkar@LAPTOP-S74ICSUC MINGW64 /e/GitTBW (master)
$ git commit -m "firest commit"
[master (root-commit) 58bb8aa] firest commit
 1 file changed, 16 insertions(+)
 create mode 100644 test.text

Onkar@LAPTOP-S74ICSUC MINGW64 /e/GitTBW (master)
$ git push origin master
Enumerating objects: 3, done.
Counting objects: 100% (3/3), done.
Delta compression using up to 8 threads
Compressing objects: 100% (2/2), done.
Writing objects: 100% (3/3), 352 bytes | 352.00 KiB/s, done.
Total 3 (delta 0), reused 0 (delta 0), pack-reused 0
To https://github.com/r3onkar/r3onkar.git
 * [new branch]      master -> master

Onkar@LAPTOP-S74ICSUC MINGW64 /e/GitTBW (master)
$ ^C

Onkar@LAPTOP-S74ICSUC MINGW64 /e/GitTBW (master)
$ git branch omibranch

Onkar@LAPTOP-S74ICSUC MINGW64 /e/GitTBW (master)
$ git branch
* master
  omibranch

Onkar@LAPTOP-S74ICSUC MINGW64 /e/GitTBW (master)
$ git checkout omibranch
Switched to branch 'omibranch'

Onkar@LAPTOP-S74ICSUC MINGW64 /e/GitTBW (omibranch)
$ touch new.txt

Onkar@LAPTOP-S74ICSUC MINGW64 /e/GitTBW (omibranch)
$ start new.txt

Onkar@LAPTOP-S74ICSUC MINGW64 /e/GitTBW (omibranch)
$
